01
11
1
6
0,'0',0
0,'1',0
1,'0',2
1,'1',0
2,'0',3
2,'1',4
4,'0',0
4,'1',5
5,'0',6
5,'1',7
7,'0',6
7,'1',7
6,'0',0
6,'1',0
3,'0',0
3,'1',8
8,'0',9
8,'1',5
9,'0',0
9,'1',10
10,'0',9
10,'1',5