abc
6
1
2
0,'c',0
0,'b',0
0,'a',0
1,'c',2
1,'b',3
1,'a',4
4,'c',2
4,'b',3
4,'a',5
5,'c',2
5,'b',3
5,'a',5
3,'c',2
3,'b',3
3,'a',4
2,'c',0
2,'b',0
2,'a',0