abd
6
1
1 2 4 5
0,'d',0
0,'b',0
0,'a',0
1,'d',2
1,'b',0
1,'a',3
3,'d',0
3,'b',4
3,'a',0
4,'d',2
4,'b',5
4,'a',3
5,'d',2
5,'b',5
5,'a',3
2,'d',2
2,'b',0
2,'a',3