01
7
1
2 3 4 5 6
0,'0',0
0,'1',0
1,'0',0
1,'1',2
2,'0',3
2,'1',4
4,'0',5
4,'1',4
5,'0',5
5,'1',4
3,'0',3
3,'1',6
6,'0',3
6,'1',4