bcd
9
1
5
0,'c',0
0,'d',0
0,'b',0
1,'c',0
1,'d',0
1,'b',2
2,'c',0
2,'d',3
2,'b',4
4,'c',0
4,'d',3
4,'b',4
3,'c',5
3,'d',0
3,'b',6
6,'c',0
6,'d',7
6,'b',8
8,'c',0
8,'d',7
8,'b',8
7,'c',5
7,'d',0
7,'b',6
5,'c',0
5,'d',0
5,'b',0