abcde
16
1
1 4 5 6 9 10 12 14 15
0,'e',0
0,'a',0
0,'d',0
0,'c',0
0,'b',0
1,'e',0
1,'a',2
1,'d',3
1,'c',4
1,'b',5
5,'e',0
5,'a',2
5,'d',3
5,'c',4
5,'b',5
4,'e',0
4,'a',2
4,'d',3
4,'c',4
4,'b',5
3,'e',0
3,'a',6
3,'d',0
3,'c',0
3,'b',0
6,'e',0
6,'a',7
6,'d',8
6,'c',0
6,'b',0
8,'e',0
8,'a',9
8,'d',0
8,'c',0
8,'b',0
9,'e',0
9,'a',7
9,'d',8
9,'c',0
9,'b',0
7,'e',10
7,'a',0
7,'d',0
7,'c',0
7,'b',0
10,'e',0
10,'a',7
10,'d',11
10,'c',0
10,'b',0
11,'e',0
11,'a',12
11,'d',0
11,'c',0
11,'b',0
12,'e',0
12,'a',7
12,'d',13
12,'c',0
12,'b',0
13,'e',0
13,'a',14
13,'d',0
13,'c',0
13,'b',0
14,'e',0
14,'a',7
14,'d',13
14,'c',0
14,'b',0
2,'e',15
2,'a',0
2,'d',0
2,'c',0
2,'b',0
15,'e',0
15,'a',2
15,'d',11
15,'c',0
15,'b',0