ab
4
1
1 2 3
0,'b',0
0,'a',0
1,'b',2
1,'a',3
3,'b',2
3,'a',3
2,'b',2
2,'a',3