01
9
1
2 4 6
0,'0',0
0,'1',0
1,'0',2
1,'1',3
3,'0',4
3,'1',5
5,'0',6
5,'1',5
6,'0',0
6,'1',7
7,'0',6
7,'1',5
4,'0',2
4,'1',8
8,'0',4
8,'1',5
2,'0',2
2,'1',8