bcd
6
1
1 3 4
0,'d',0
0,'b',0
0,'c',0
1,'d',0
1,'b',2
1,'c',3
3,'d',0
3,'b',2
3,'c',3
2,'d',4
2,'b',5
2,'c',0
5,'d',4
5,'b',5
5,'c',0
4,'d',0
4,'b',2
4,'c',0