cdef
10
1
1 2 3 5 6 7 9
0,'c',0
0,'f',0
0,'e',0
0,'d',0
1,'c',2
1,'f',3
1,'e',0
1,'d',4
4,'c',0
4,'f',0
4,'e',5
4,'d',0
5,'c',6
5,'f',3
5,'e',0
5,'d',4
6,'c',6
6,'f',7
6,'e',0
6,'d',8
8,'c',0
8,'f',0
8,'e',9
8,'d',0
9,'c',6
9,'f',7
9,'e',0
9,'d',8
7,'c',6
7,'f',7
7,'e',0
7,'d',8
3,'c',6
3,'f',3
3,'e',0
3,'d',4
2,'c',2
2,'f',7
2,'e',0
2,'d',8