ab
4
1
3
0,'b',0
0,'a',0
1,'b',0
1,'a',2
2,'b',3
2,'a',0
3,'b',0
3,'a',0