abcd
6
1
4 5
0,'d',0
0,'c',0
0,'b',0
0,'a',0
1,'d',0
1,'c',2
1,'b',0
1,'a',3
3,'d',0
3,'c',0
3,'b',4
3,'a',0
4,'d',0
4,'c',0
4,'b',0
4,'a',0
2,'d',5
2,'c',0
2,'b',0
2,'a',0
5,'d',0
5,'c',0
5,'b',0
5,'a',0