abc
5
1
1 3 4
0,'c',0
0,'b',0
0,'a',0
1,'c',0
1,'b',2
1,'a',3
3,'c',0
3,'b',0
3,'a',3
2,'c',4
2,'b',0
2,'a',0
4,'c',0
4,'b',0
4,'a',0